
          -------------------------------------------------------
          Amber 12 SANDER                              2012
          -------------------------------------------------------

| PMEMD implementation of SANDER, Release 12

| Run on 09/18/2019 at 17:45:36

  [-O]verwriting output

File Assignments:
|   MDIN: min.in                                                                
|  MDOUT: min.out                                                               
| INPCRD: coords.inpcrd                                                         
|   PARM: coords.prmtop                                                         
| RESTRT: min.rst                                                               
|   REFC: refc                                                                  
|  MDVEL: mdvel                                                                 
|   MDEN: mden                                                                  
|  MDCRD: mdcrd                                                                 
| MDINFO: mdinfo                                                                


 Here is the input file:

AMBER input file used to return the energy from sander when running GMIN       
 &cntrl                                                                        
  imin   = 1,                                                                  
  ncyc = 1,                                                                    
  maxcyc = 1,                                                                  
  igb = 2,                                                                     
  ntb    = 0,                                                                  
  cut    = 999.99                                                              
 /                                                                             


 
| Conditional Compilation Defines Used:

| New format PARM file being parsed.
| Version =    1.000 Date = 08/04/11 Time = 11:49:36

| Note: 1-4 EEL scale factors were NOT found in the topology file.
|       Using default value of 1.2.

| Note: 1-4 VDW scale factors were NOT found in the topology file.
|       Using default value of 2.0.
| Duplicated    0 dihedrals

| Duplicated    0 dihedrals

--------------------------------------------------------------------------------
   1.  RESOURCE   USE: 
--------------------------------------------------------------------------------

 NATOM  =      52 NTYPES =       7 NBONH =      27 MBONA  =      24
 NTHETH =      58 MTHETA =      32 NPHIH =     102 MPHIA  =      87
 NHPARM =       0 NPARM  =       0 NNB   =     258 NRES   =       6
 NBONA  =      24 NTHETA =      32 NPHIA =      87 NUMBND =       8
 NUMANG =      16 NPTRA  =      19 NATYP =       7 NPHB   =       0
 IFBOX  =       0 NMXRS  =      10 IFCAP =       0 NEXTRA =       0
 NCOPY  =       0

 Implicit solvent radii are H(N)-modified Bondi radii (mbondi2)                                             
--------------------------------------------------------------------------------
   2.  CONTROL  DATA  FOR  THE  RUN
--------------------------------------------------------------------------------

ACE                                                                             

General flags:
     imin    =       1, nmropt  =       0

Nature and format of input:
     ntx     =       1, irest   =       0, ntrx    =       1

Nature and format of output:
     ntxo    =       1, ntpr    =      50, ntrx    =       1, ntwr    =     500
     iwrap   =       0, ntwx    =       0, ntwv    =       0, ntwe    =       0
     ioutfm  =       0, ntwprt  =       0, idecomp =       0, rbornstat=      0

Potential function:
     ntf     =       1, ntb     =       0, igb     =       2, nsnb    =      25
     ipol    =       0, gbsa    =       0, iesp    =       0
     dielc   =   1.00000, cut     = 999.99000, intdiel =   1.00000
     saltcon =   0.00000, offset  =   0.09000, gbalpha=    0.80000
     gbbeta  =   0.00000, gbgamma =   2.90912, surften =   0.00500
     rdt     =   0.00000, rgbmax  =  25.00000  extdiel =  78.50000
     alpb  =        0

Frozen or restrained atoms:
     ibelly  =       0, ntr     =       0

Energy minimization:
     maxcyc  =       1, ncyc    =       1, ntmin   =       1
     dx0     =   0.01000, drms    =   0.00010

| Intermolecular bonds treatment:
|     no_intermolecular_bonds =       1

| Energy averages sample interval:
|     ene_avg_sampling =       1

--------------------------------------------------------------------------------
   3.  ATOMIC COORDINATES AND VELOCITIES
--------------------------------------------------------------------------------

ACE                                                                             
 begin time read from input coords =     0.000 ps

 
 Number of triangulated 3-point waters found:        0
| Dynamic Memory, Types Used:
| Reals                1816
| Integers             4647

--------------------------------------------------------------------------------
   4.  RESULTS
--------------------------------------------------------------------------------

