PATHSAMPLE version rUnversioned directory                                                 
keywords> Distance tolerance for identifying atoms in the same orbit=        0.00100
keywords> Number of groups of permutable atoms=     1
keywords> group      1 contains     38 atoms with      0 additional atom sets:
     1     2     3     4     5     6     7     8     9    10    11    12    13    14    15    16    17    18    19    20    21    22
    23    24    25    26    27    28    29    30    31    32    33    34    35    36    37    38  
main> WARNING - PERM set without perm.allow file in COPYFILES
*************************************************************************************************
debug printing is OFF
Running on          1 processors for shared memory, single node setup
Number of jobs per processor=         1
Sleep times between OPTIM job submissions (s)=     1.000000000         1.000000000    
finite system (not bulk)
OPTIM system symbol: AX
number of atoms=   38
minimum number of connections for minima=         1
maximum number of ts searches to achieve this minimum value=        10
random number seed=         1
initial perturbation parameter single-ended transition state searches=        0.90000
energy difference  criterion for distinguishing stationary points=    0.1000000000E-05
distance criterion for distinguishing stationary points=    0.2000000000E+00
inertia difference criterion for setup check=    0.1000000000E+00
sampling direction is a<-b
OPTIM executable: /home/energy/workshop/binaries/OPTIM                                            
Temperature=        0.10000
Number of cycles for connections between local minima=       0
No Pfold iterations
Rate calculation will iteratively remove minima with     0 connections or fewer
Reading initial pathway from path.info.initial in min-sad-min format
The A minimum is number        1 and the B minimum is        2
path.info files will be read as min-sad-min triples
*************************************************************************************************
getallpaths> writing data for new ts to ts.data
getallpaths> writing data for      2 new minima to min.data
getallpaths> writing data for new ts to ts.data
getallpaths> writing data for      2 new minima to min.data
getallpaths> writing data for new ts to ts.data
getallpaths> writing data for      2 new minima to min.data
getallpaths> writing data for new ts to ts.data
getallpaths> writing data for      1 new minima to min.data
getallpaths> writing data for new ts to ts.data
getallpaths> writing data for      2 new minima to min.data
getallpaths> writing data for new ts to ts.data
getallpaths> writing data for      1 new minima to min.data
getallpaths> writing data for new ts to ts.data
getallpaths> writing data for      1 new minima to min.data
getallpaths> writing data for new ts to ts.data
getallpaths> writing data for      1 new minima to min.data
getallpaths> writing data for new ts to ts.data
getallpaths> writing data for new ts to ts.data
tsdouble> Maximum number of ts increased to       20
getallpaths> writing data for new ts to ts.data
setup> The unique A and B minima are     1 and     2 respectively
