PATHSAMPLE version rUnversioned directory                                                 
keywords> Distance tolerance for identifying atoms in the same orbit=        0.00100
keywords> Number of groups of permutable atoms=     6
keywords> group      1 contains      3 atoms with      0 additional atom sets:
     1     3     4  
keywords> group      2 contains      3 atoms with      0 additional atom sets:
    12    13    14  
keywords> group      3 contains      3 atoms with      0 additional atom sets:
    22    23    24  
keywords> group      4 contains      3 atoms with      0 additional atom sets:
    32    33    34  
keywords> group      5 contains      3 atoms with      0 additional atom sets:
    42    43    44  
keywords> group      6 contains      3 atoms with      0 additional atom sets:
    50    51    52  
main> WARNING - PERM set without perm.allow file in COPYFILES
*************************************************************************************************
debug printing is OFF
Running on          1 processors for shared memory, single node setup
Number of jobs per processor=         1
Sleep times between OPTIM job submissions (s)=     1.000000000         1.000000000    
finite system (not bulk)
OPTIM system symbol: UN
number of atoms=   52
minimum number of connections for minima=         1
maximum number of ts searches to achieve this minimum value=        10
random number seed=         1
initial perturbation parameter single-ended transition state searches=        0.90000
energy difference  criterion for distinguishing stationary points=    0.1000000000E-04
distance criterion for distinguishing stationary points=    0.1000000000E+00
inertia difference criterion for setup check=    0.1000000000E+00
sampling direction is a<-b
OPTIM executable: /home/energy/workshop/binaries/A9OPTIM                                          
Temperature=        0.59200
Performing Dijkstra analysis to find the most important paths
Rate calculation will iteratively remove minima with     0 connections or fewer
path.info files will be read as min-sad-min triples
Resetting EVCUT to 0.10E+21 for SI units; check it is appropriate for your system
*************************************************************************************************
setup> locations read for          1 min of type A
setup> locations read for          1 min of type B
setup> parameters read for         12 min
tsdouble> Maximum number of ts increased to       20
setup> parameters read for         18 ts
main> time spent in setup=        0.00000
getnconn> max connections:          3 for min          3 # of zeros=         0 after removing minima with <          1
RATECONST_SETUP>       0 minima with        0 connections or fewer will not be considered
Dijkstra> steps to A region converged in        3 cycles; maximum=       7 disconnected=       0
Dijkstra> steps to B region converged in        6 cycles; maximum=       8 disconnected=       0
Dijkstra> Best path for min        7 and any A minimum, k^SS A<-B     374393.7433    
       3       8       6       9      10      12       1       7
Dijkstra> Best path between any B minimum and any A minimum:
       3       8       6       9      10      12       1       7
Dijkstra> Largest contribution to SS rate constant A<-B for any A and B is      374393.7433     for      7 transition states:
Dijkstra> Note that path is printed backwards starting with A, ending with B
                    E+                          Ets                         E-
       3      -41.7229924014      13      -33.6627076722       8      -37.9782296582
       8      -37.9782296582       8      -37.5226723783       6      -37.9728100102
       6      -37.9728100102      15      -33.6176190692       9      -37.1738336534
       9      -37.1738336534       9      -31.2736332346      10      -35.3093212066
      10      -35.3093212066      18      -33.5205243121      12      -36.1555293799
      12      -36.1555293799      14      -35.0747126047       1      -35.3503472284
       1      -35.3503472284       7      -34.2706748149       7      -34.6022075799
Dijkstra> Ordered downhill barriers,    ts        barrier
                                         13     4.315521986    
                                          9     4.035687972    
                                         15     3.556214584    
                                         18     2.635005068    
                                          8    0.4501376319    
                                          7    0.3315327650    
                                         14    0.2756346237    
Dijkstra> dumping minima and transition state coordinates to file redopoints, steps=     7
 HH32HH33C   O   N   H   CA  HA  CB  HB1 HB2 HB3 
 prmformat=(12A4)  
 ATOMLABELS=
 HH31CH3 HH32HH33C   O   N   H   CA  HA  CB  HB1 HB2 HB3 C   O   N   H   CA  HA  CB  HB1 HB2 HB3 C   O   N   H   CA  HA  CB  HB1 HB2 HB3 C   O   N   H   CA  HA  CB  HB1 HB2 HB3 C   O   N   H   CH3 HH31HH32HH33
Dijkstra> detailed balance, ratio should be one if SS applies:      24.27526683    
Dijkstra> MFPT for fastest path: A<-B value=    0.2333203974E-07 B<-A value=    0.5056425567E-05
Dijkstra> rates without conditional probability: A<-B value=     42859518.97     B<-A value=     197768.1639    
Dijkstra> rates with    conditional probability: A<-B value=     42859518.97     B<-A value=     197768.1639    
main> CPU time spent in Dijkstra                    =    0.48000E-01 s
main> total CPU time spent in PATHSAMPLE            =    0.48000E-01 s
