PATHSAMPLE version rUnversioned directory                                                 
keywords> Distance tolerance for identifying atoms in the same orbit=        0.00100
 keywords> Maximum number of secondary sets in perm.allow file=  3
keywords> Number of groups of permutable atoms=     6
keywords> group      1 contains      3 atoms with      0 additional atom sets:
     1     3     4  
keywords> group      2 contains      3 atoms with      0 additional atom sets:
    12    13    14  
keywords> group      3 contains      3 atoms with      0 additional atom sets:
    22    23    24  
keywords> group      4 contains      3 atoms with      0 additional atom sets:
    32    33    34  
keywords> group      5 contains      3 atoms with      0 additional atom sets:
    42    43    44  
keywords> group      6 contains      3 atoms with      0 additional atom sets:
    50    51    52  
main> WARNING - PERM set without perm.allow file in COPYFILES
*************************************************************************************************
debug printing is OFF
Running on          1 processors for shared memory, single node setup
Number of jobs per processor=         1
Sleep times between OPTIM job submissions (s)=     1.000000000         1.000000000    
finite system (not bulk)
OPTIM system symbol: UN
number of atoms=   52
minimum number of connections for minima=         1
maximum number of ts searches to achieve this minimum value=        10
random number seed=         1
initial perturbation parameter single-ended transition state searches=        0.90000
energy difference  criterion for distinguishing stationary points=    0.1000000000E-04
distance criterion for distinguishing stationary points=    0.1000000000E+00
inertia difference criterion for setup check=    0.1000000000E+00
sampling direction is a<-b
OPTIM executable: /home/energy/workshop/binaries/A12OPTIM                                         
Temperature=        0.59200
Number of cycles for connections between local minima=       0
No Pfold iterations
Rate calculation will iteratively remove minima with     0 connections or fewer
Reading initial pathway from path.info.initial in min-sad-min format
The A minimum is number        1 and the B minimum is        2
path.info files will be read as min-sad-min triples
Resetting EVCUT to 0.10E+21 for SI units; check it is appropriate for your system
*************************************************************************************************
getallpaths> writing data for new ts to ts.data
getallpaths> writing data for      2 new min to min.data
getallpaths> writing data for new ts to ts.data
getallpaths> writing data for      2 new min to min.data
getallpaths> writing data for new ts to ts.data
getallpaths> writing data for      2 new min to min.data
getallpaths> writing data for new ts to ts.data
getallpaths> writing data for      1 new min to min.data
getallpaths> writing data for new ts to ts.data
getallpaths> writing data for      1 new min to min.data
getallpaths> writing data for new ts to ts.data
getallpaths> writing data for new ts to ts.data
getallpaths> writing data for      1 new min to min.data
getallpaths> writing data for new ts to ts.data
getallpaths> writing data for new ts to ts.data
getallpaths> writing data for      1 new min to min.data
getallpaths> writing data for new ts to ts.data
getallpaths> writing data for      1 new min to min.data
tsdouble> Maximum number of ts increased to       20
getallpaths> writing data for new ts to ts.data
getallpaths> writing data for      1 new min to min.data
getallpaths> writing data for new ts to ts.data
getallpaths> writing data for new ts to ts.data
getallpaths> writing data for      2 new min to min.data
getallpaths> writing data for new ts to ts.data
getallpaths> writing data for      2 new min to min.data
getallpaths> writing data for new ts to ts.data
getallpaths> writing data for new ts to ts.data
getallpaths> writing data for      2 new min to min.data
getallpaths> writing data for new ts to ts.data
getallpaths> writing data for      1 new min to min.data
getallpaths> writing data for new ts to ts.data
getallpaths> writing data for      1 new min to min.data
getallpaths> writing data for new ts to ts.data
getallpaths> writing data for      1 new min to min.data
getallpaths> writing data for new ts to ts.data
tsdouble> Maximum number of ts increased to       40
getallpaths> writing data for new ts to ts.data
getallpaths> writing data for      1 new min to min.data
getallpaths> writing data for new ts to ts.data
getallpaths> writing data for new ts to ts.data
getallpaths> writing data for      2 new min to min.data
getallpaths> writing data for new ts to ts.data
getallpaths> writing data for      2 new min to min.data
mindouble> Increasing maximum number of minima to       52
getallpaths> writing data for new ts to ts.data
getallpaths> writing data for      1 new min to min.data
getallpaths> writing data for new ts to ts.data
getallpaths> writing data for      1 new min to min.data
getallpaths> writing data for new ts to ts.data
getallpaths> writing data for      2 new min to min.data
getallpaths> writing data for new ts to ts.data
getallpaths> writing data for new ts to ts.data
getallpaths> writing data for      1 new min to min.data
getallpaths> writing data for new ts to ts.data
getallpaths> writing data for      1 new min to min.data
getallpaths> writing data for new ts to ts.data
getallpaths> writing data for      1 new min to min.data
getallpaths> writing data for new ts to ts.data
getallpaths> writing data for      2 new min to min.data
getallpaths> writing data for new ts to ts.data
getallpaths> writing data for      2 new min to min.data
getallpaths> writing data for new ts to ts.data
getallpaths> writing data for new ts to ts.data
getallpaths> writing data for      1 new min to min.data
getallpaths> writing data for new ts to ts.data
getallpaths> writing data for new ts to ts.data
getallpaths> writing data for      1 new min to min.data
getallpaths> writing data for new ts to ts.data
getallpaths> writing data for      1 new min to min.data
getallpaths> writing data for new ts to ts.data
getallpaths> writing data for new ts to ts.data
tsdouble> Maximum number of ts increased to       80
getallpaths> writing data for new ts to ts.data
getallpaths> writing data for new ts to ts.data
getallpaths> writing data for new ts to ts.data
getallpaths> writing data for new ts to ts.data
getallpaths> writing data for new ts to ts.data
getallpaths> writing data for new ts to ts.data
getallpaths> writing data for      1 new min to min.data
getallpaths> writing data for new ts to ts.data
getallpaths> writing data for new ts to ts.data
getallpaths> writing data for      2 new min to min.data
getallpaths> writing data for new ts to ts.data
getallpaths> writing data for new ts to ts.data
getallpaths> writing data for new ts to ts.data
getallpaths> writing data for new ts to ts.data
getallpaths> writing data for new ts to ts.data
getallpaths> writing data for new ts to ts.data
getallpaths> writing data for new ts to ts.data
getallpaths> writing data for new ts to ts.data
getallpaths> writing data for      1 new min to min.data
getallpaths> writing data for new ts to ts.data
getallpaths> writing data for      2 new min to min.data
getallpaths> writing data for new ts to ts.data
getallpaths> writing data for      1 new min to min.data
getallpaths> writing data for new ts to ts.data
getallpaths> writing data for new ts to ts.data
getallpaths> writing data for      1 new min to min.data
getallpaths> writing data for new ts to ts.data
getallpaths> writing data for new ts to ts.data
getallpaths> writing data for new ts to ts.data
setup> The unique A and B minima are     1 and     2 respectively
