
Disconnectivity Graphs
----------------------

   104 minima read in from min.data.
 Global minimum at index, energy          2   -173.9284265906.
   109 non-degenerate paths read in from ts.data.
Highest and lowest transition states:    -166.5411196820   -171.9418119433
 n_min,n_ts=         104         109
      29 minima with        0 connections or fewer will not be considered
Steps to minimum        2 converged in        5 cycles; disconnected=      56
Number of remaining minima and transition states=      48      61

Assigning minima to basins.
     9 basins at energy    -168.5000000000
    10 basins at energy    -168.7000000000
    12 basins at energy    -168.9000000000
    19 basins at energy    -169.1000000000
    26 basins at energy    -169.3000000000
    22 basins at energy    -169.5000000000
    17 basins at energy    -169.7000000000
    16 basins at energy    -169.9000000000
    19 basins at energy    -170.1000000000
    18 basins at energy    -170.3000000000
    15 basins at energy    -170.5000000000
    18 basins at energy    -170.7000000000
    18 basins at energy    -170.9000000000
    12 basins at energy    -171.1000000000
     7 basins at energy    -171.3000000000
     7 basins at energy    -171.5000000000
     5 basins at energy    -171.7000000000
     5 basins at energy    -171.9000000000
     6 basins at energy    -172.1000000000
     5 basins at energy    -172.3000000000
     4 basins at energy    -172.5000000000
     4 basins at energy    -172.7000000000
     4 basins at energy    -172.9000000000
     3 basins at energy    -173.1000000000
     3 basins at energy    -173.3000000000
     1 basin  at energy    -173.5000000000
     1 basin  at energy    -173.7000000000
     1 basin  at energy    -173.9000000000
     1 basin  at energy    -174.1000000000
Done.

Pruning minima.
Nodes remaining at level   1:      1
Nodes remaining at level   2:      2
Nodes remaining at level   3:      5
Nodes remaining at level   4:     13
Nodes remaining at level   5:     23
Nodes remaining at level   6:     20
Nodes remaining at level   7:     16
Nodes remaining at level   8:     15
Nodes remaining at level   9:     18
Nodes remaining at level  10:     18
Nodes remaining at level  11:     15
Nodes remaining at level  12:     18
Nodes remaining at level  13:     18
Nodes remaining at level  14:     12
Nodes remaining at level  15:      7
Nodes remaining at level  16:      7
Nodes remaining at level  17:      5
Nodes remaining at level  18:      5
Nodes remaining at level  19:      6
Nodes remaining at level  20:      5
Nodes remaining at level  21:      4
Nodes remaining at level  22:      4
Nodes remaining at level  23:      4
Nodes remaining at level  24:      3
Nodes remaining at level  25:      3
Nodes remaining at level  26:      1
Nodes remaining at level  27:      1
Nodes remaining at level  28:      1
Nodes remaining at level  29:      1
Done.

Working out basin branching numbers.
Done.

Counting node sizes.
Done.

Ordering branches.
Level   1
Level   2
Level   3
Level   4
Level   5
Level   6
Level   7
Level   8
Level   9
Level  10
Level  11
Level  12
Level  13
Level  14
Level  15
Level  16
Level  17
Level  18
Level  19
Level  20
Level  21
Level  22
Level  23
Level  24
Level  25
Level  26
Level  27
Level  28
Level  29
Done.

Finding the parent of each basin.
Done.

Allocating vertical space to nodes.
Done.

Finding left and right edges of the graph at each level
Done.

Writing tree.ps.
         251
Done.

